// Jest Snapshot v1, https://goo.gl/fbAQLP

exports[`CollectibleImage should render correctly 1`] = `
<View
  style={
    Object {
      "height": 50,
      "marginRight": 20,
      "width": 50,
    }
  }
>
  <MyImage
    source={
      Object {
        "uri": "IMAGE",
      }
    }
    style={
      Object {
        "height": 50,
        "width": 50,
      }
    }
  />
</View>
`;
